// Jest Snapshot v1, https://goo.gl/fbAQLP

exports[`should match snapshot 1`] = `
<div
  className="text-center p-4 search  col"
>
  <form
    className=""
  >
    <div
      className="row form-group"
    >
      <div
        className="m-auto col-sm-10"
      >
        <input
          className="form-control-lg form-control"
          name="searchTerm"
          type="search"
        />
      </div>
    </div>
    <div
      className="row"
    >
      <div
        className="text-center col"
      >
        <button
          aria-label={null}
          className="search-btn btn btn-secondary"
          onClick={[Function]}
        >
          Search
        </button>
      </div>
    </div>
  </form>
</div>
`;
